This is pdfTeX, Version 3.141592653-2.6-1.40.27 (MiKTeX 25.4) (preloaded format=pdflatex 2025.9.13)  21 SEP 2025 14:25
entering extended mode
 restricted \write18 enabled.
 %&-line parsing enabled.
**./przyklad.tex
(przyklad.tex
LaTeX2e <2025-06-01> patch level 1
L3 programming layer <2025-08-13>
(uwmthesis.cls
Document Class: uwmthesis 
(mwbk.cls
Document Class: mwbk 2009/09/27 v0.74 A LaTeX document class (MW)
*** Beta version. Formatting may change
*** in future versions of this class.
(mwbk12.clo
File: mwbk12.clo 2009/09/27 v0.74 A document class size option (MW)
)
\@parindent=\dimen148
\c@part=\count275
\c@chapter=\count276
\c@section=\count277
\c@subsection=\count278
\c@subsubsection=\count279
\c@paragraph=\count280
\c@subparagraph=\count281
\c@figure=\count282
\c@table=\count283
\abovecaptionskip=\skip49
\belowcaptionskip=\skip50
\bibindent=\dimen149
)
\@binding@ffset=\skip51
) (D:\latex\tex/latex/base\inputenc.sty
Package: inputenc 2024/02/08 v1.3d Input encoding file
\inpenc@prehook=\toks17
\inpenc@posthook=\toks18
)
(D:\latex\tex/latex/polski\polski.sty
Package: polski 2021/08/25 v1.3.6 Polish language package

   Inputenc package detected. Catcodes not changed.
   Switching to Polish text encoding and Polish maths fonts.
(D:\latex\tex/latex/base\ot4enc.def
File: ot4enc.def 2024/12/21 v2.1c Standard LaTeX file
Now handling font encoding OT4 ...
... no UTF-8 mapping file for font encoding OT4
)
LaTeX Font Info:    Trying to load font information for OT4+cmr on input line 3
62.
 (D:\latex\tex/latex/polski\ot4cmr.fd
File: ot4cmr.fd 2008/02/24 v1.2.1 Font defs for fonts PL (MW)
)
LaTeX Font Info:    Overwriting math alphabet `\mathbf' in version `normal'
(Font)                  OT1/cmr/bx/n --> OT4/cmr/bx/n on input line 362.
LaTeX Font Info:    Overwriting math alphabet `\mathsf' in version `normal'
(Font)                  OT1/cmss/m/n --> OT4/cmss/m/n on input line 362.
LaTeX Font Info:    Overwriting math alphabet `\mathit' in version `normal'
(Font)                  OT1/cmr/m/it --> OT4/cmr/m/it on input line 362.
LaTeX Font Info:    Overwriting math alphabet `\mathtt' in version `normal'
(Font)                  OT1/cmtt/m/n --> OT4/cmtt/m/n on input line 362.
LaTeX Font Info:    Overwriting math alphabet `\mathsf' in version `bold'
(Font)                  OT1/cmss/bx/n --> OT4/cmss/bx/n on input line 362.
LaTeX Font Info:    Overwriting math alphabet `\mathit' in version `bold'
(Font)                  OT1/cmr/bx/it --> OT4/cmr/bx/it on input line 362.
LaTeX Font Info:    Encoding `OT1' has changed to `OT4' for symbol font
(Font)              `operators' in the math version `normal' on input line 362.

LaTeX Font Info:    Overwriting symbol font `operators' in version `normal'
(Font)                  OT1/cmr/m/n --> OT4/cmr/m/n on input line 362.
LaTeX Font Info:    Overwriting symbol font `letters' in version `normal'
(Font)                  OML/cmm/m/it --> OML/plm/m/it on input line 362.
LaTeX Font Info:    Overwriting symbol font `symbols' in version `normal'
(Font)                  OMS/cmsy/m/n --> OMS/plsy/m/n on input line 362.
LaTeX Font Info:    Overwriting symbol font `largesymbols' in version `normal'
(Font)                  OMX/cmex/m/n --> OMX/plex/m/n on input line 362.
LaTeX Font Info:    Encoding `OT1' has changed to `OT4' for symbol font
(Font)              `operators' in the math version `bold' on input line 362.
LaTeX Font Info:    Overwriting symbol font `operators' in version `bold'
(Font)                  OT1/cmr/bx/n --> OT4/cmr/bx/n on input line 362.
LaTeX Font Info:    Overwriting symbol font `letters' in version `bold'
(Font)                  OML/cmm/b/it --> OML/plm/b/it on input line 362.
LaTeX Font Info:    Overwriting symbol font `symbols' in version `bold'
(Font)                  OMS/cmsy/b/n --> OMS/plsy/b/n on input line 362.
)
(D:\latex\tex/latex/graphics\graphicx.sty
Package: graphicx 2024/12/31 v1.2e Enhanced LaTeX Graphics (DPC,SPQR)

(D:\latex\tex/latex/graphics\keyval.sty
Package: keyval 2022/05/29 v1.15 key=value parser (DPC)
\KV@toks@=\toks19
)
(D:\latex\tex/latex/graphics\graphics.sty
Package: graphics 2024/08/06 v1.4g Standard LaTeX Graphics (DPC,SPQR)
 (D:\latex\tex/latex/graphics\trig.sty
Package: trig 2023/12/02 v1.11 sin cos tan (DPC)
) (D:\latex\tex/latex/graphics-cfg\graphics.cfg
File: graphics.cfg 2016/06/04 v1.11 sample graphics configuration
)
Package graphics Info: Driver file: pdftex.def on input line 106.

(D:\latex\tex/latex/graphics-def\pdftex.def
File: pdftex.def 2024/04/13 v1.2c Graphics/color driver for pdftex
))
\Gin@req@height=\dimen150
\Gin@req@width=\dimen151
)
(D:\latex\tex/latex/float\float.sty
Package: float 2001/11/08 v1.3d Float enhancements (AL)
\c@float@type=\count284
\float@exts=\toks20
\float@box=\box53
\@float@everytoks=\toks21
\@floatcapt=\box54
) (D:\latex\tex/latex/caption\caption.sty
Package: caption 2023/08/05 v3.6o Customizing captions (AR)

(D:\latex\tex/latex/caption\caption3.sty
Package: caption3 2023/07/31 v2.4d caption3 kernel (AR)
\caption@tempdima=\dimen152
\captionmargin=\dimen153
\caption@leftmargin=\dimen154
\caption@rightmargin=\dimen155
\caption@width=\dimen156
\caption@indent=\dimen157
\caption@parindent=\dimen158
\caption@hangindent=\dimen159
Package caption Info: Unknown document class (or package),
(caption)             standard defaults will be used.
Package caption Info: \@makecaption = \long macro:#1#2->\addvspace \abovecaptio
nskip \bgroup \centeredlast #1.\enspace #2\par \egroup \vskip \belowcaptionskip
  on input line 1175.
)

Package caption Warning: Unknown document class (or package),
(caption)                standard defaults will be used.
See the caption package documentation for explanation.

\c@caption@flags=\count285
\c@continuedfloat=\count286
Package caption Info: float package is loaded.
) (D:\latex\tex/latex/tocloft\tocloft.sty
Package: tocloft 2017/08/31 v2.3i parameterised ToC, etc., typesetting
Package tocloft Info: The document has chapter divisions on input line 51.
\cftparskip=\skip52
\cftbeforetoctitleskip=\skip53
\cftaftertoctitleskip=\skip54
\cftbeforepartskip=\skip55
\cftpartnumwidth=\skip56
\cftpartindent=\skip57
\cftbeforechapskip=\skip58
\cftchapindent=\skip59
\cftchapnumwidth=\skip60
\cftbeforesecskip=\skip61
\cftsecindent=\skip62
\cftsecnumwidth=\skip63
\cftbeforesubsecskip=\skip64
\cftsubsecindent=\skip65
\cftsubsecnumwidth=\skip66
\cftbeforesubsubsecskip=\skip67
\cftsubsubsecindent=\skip68
\cftsubsubsecnumwidth=\skip69
\cftbeforeparaskip=\skip70
\cftparaindent=\skip71
\cftparanumwidth=\skip72
\cftbeforesubparaskip=\skip73
\cftsubparaindent=\skip74
\cftsubparanumwidth=\skip75
\cftbeforeloftitleskip=\skip76
\cftafterloftitleskip=\skip77
\cftbeforefigskip=\skip78
\cftfigindent=\skip79
\cftfignumwidth=\skip80
\c@lofdepth=\count287
\c@lotdepth=\count288
\cftbeforelottitleskip=\skip81
\cftafterlottitleskip=\skip82
\cftbeforetabskip=\skip83
\cfttabindent=\skip84
\cfttabnumwidth=\skip85
) (D:\latex\tex/latex/url\url.sty
\Urlmuskip=\muskip17
Package: url 2013/09/16  ver 3.4  Verb mode for urls, etc.
)
(D:\latex\tex/latex/dirtytalk\dirtytalk.sty
Package: dirtytalk 2010/11/21 A package making "quoting" easier

(D:\latex\tex/latex/kvoptions\kvoptions.sty
Package: kvoptions 2022-06-15 v3.15 Key value format for package options (HO)

(D:\latex\tex/generic/ltxcmds\ltxcmds.sty
Package: ltxcmds 2023-12-04 v1.26 LaTeX kernel commands for general use (HO)
)
(D:\latex\tex/latex/kvsetkeys\kvsetkeys.sty
Package: kvsetkeys 2022-10-05 v1.19 Key value parser (HO)
))
(D:\latex\tex/latex/base\ifthen.sty
Package: ifthen 2024/03/16 v1.1e Standard LaTeX ifthen package (DPC)
)
\c@dirtytalk@qdepth=\count289
) (D:\latex\tex/latex/graphics\color.sty
Package: color 2025/01/14 v1.3e Standard LaTeX Color (DPC)

(D:\latex\tex/latex/graphics-cfg\color.cfg
File: color.cfg 2016/01/02 v1.6 sample color configuration
)
Package color Info: Driver file: pdftex.def on input line 149.

(D:\latex\tex/latex/graphics\mathcolor.ltx))
(D:\latex\tex/latex/tools\tabularx.sty
Package: tabularx 2023/12/11 v2.12a `tabularx' package (DPC)
 (D:\latex\tex/latex/tools\array.sty
Package: array 2025/06/08 v2.6j Tabular extension package (FMi)
\col@sep=\dimen160
\ar@mcellbox=\box55
\extrarowheight=\dimen161
\NC@list=\toks22
\extratabsurround=\skip86
\backup@length=\skip87
\ar@cellbox=\box56
)
\TX@col@width=\dimen162
\TX@old@table=\dimen163
\TX@old@col=\dimen164
\TX@target=\dimen165
\TX@delta=\dimen166
\TX@cols=\count290
\TX@ftn=\toks23
)
(D:\latex\tex/latex/lipsum\lipsum.sty
(D:\latex\tex/latex/l3packages/l3keys2e\l3keys2e.sty
(D:\latex\tex/latex/l3kernel\expl3.sty
Package: expl3 2025-08-13 L3 programming layer (loader) 

(D:\latex\tex/latex/l3backend\l3backend-pdftex.def
File: l3backend-pdftex.def 2025-06-09 L3 backend support: PDF output (pdfTeX)
\l__color_backend_stack_int=\count291
))
Package: l3keys2e 2024-08-16 LaTeX2e option processing using LaTeX3 keys
)
Package: lipsum 2021-09-20 v2.7 150 paragraphs of Lorem Ipsum dummy text
\g__lipsum_par_int=\count292
\l__lipsum_a_int=\count293
\l__lipsum_b_int=\count294

(D:\latex\tex/latex/lipsum\lipsum.ltd.tex))
(D:\latex\tex/latex/enumitem\enumitem.sty
Package: enumitem 2025/02/06 v3.11 Customized lists
\labelindent=\skip88
\enit@outerparindent=\dimen167
\enit@toks=\toks24
\enit@inbox=\box57
\enit@count@id=\count295
\enitdp@description=\count296
)
(D:\latex\tex/latex/tools\longtable.sty
Package: longtable 2024-12-18 v4.23 Multi-page Table package (DPC)
\LTleft=\skip89
\LTright=\skip90
\LTpre=\skip91
\LTpost=\skip92
\LTchunksize=\count297
\LTcapwidth=\dimen168
\LT@head=\box58
\LT@firsthead=\box59
\LT@foot=\box60
\LT@lastfoot=\box61
\LT@gbox=\box62
\LT@cols=\count298
\LT@rows=\count299
\c@LT@tables=\count300
\c@LT@chunks=\count301
\LT@p@ftn=\toks25
)
(D:\latex\tex/latex/amsmath\amsmath.sty
Package: amsmath 2025/06/16 v2.17y AMS math features
\@mathmargin=\skip93

For additional information on amsmath, use the `?' option.
(D:\latex\tex/latex/amsmath\amstext.sty
Package: amstext 2024/11/17 v2.01 AMS text
 (D:\latex\tex/latex/amsmath\amsgen.sty
File: amsgen.sty 1999/11/30 v2.0 generic functions
\@emptytoks=\toks26
\ex@=\dimen169
)) (D:\latex\tex/latex/amsmath\amsbsy.sty
Package: amsbsy 1999/11/29 v1.2d Bold Symbols
\pmbraise@=\dimen170
)
(D:\latex\tex/latex/amsmath\amsopn.sty
Package: amsopn 2022/04/08 v2.04 operator names
)
\inf@bad=\count302
LaTeX Info: Redefining \frac on input line 233.
\uproot@=\count303
\leftroot@=\count304
LaTeX Info: Redefining \overline on input line 398.
LaTeX Info: Redefining \colon on input line 409.
\classnum@=\count305
\DOTSCASE@=\count306
LaTeX Info: Redefining \ldots on input line 495.
LaTeX Info: Redefining \dots on input line 498.
LaTeX Info: Redefining \cdots on input line 619.
\Mathstrutbox@=\box63
\strutbox@=\box64
LaTeX Info: Redefining \big on input line 721.
LaTeX Info: Redefining \Big on input line 722.
LaTeX Info: Redefining \bigg on input line 723.
LaTeX Info: Redefining \Bigg on input line 724.
\big@size=\dimen171
LaTeX Font Info:    Redeclaring font encoding OML on input line 742.
LaTeX Font Info:    Redeclaring font encoding OMS on input line 743.
\macc@depth=\count307
LaTeX Info: Redefining \bmod on input line 904.
LaTeX Info: Redefining \pmod on input line 909.
LaTeX Info: Redefining \smash on input line 939.
LaTeX Info: Redefining \relbar on input line 969.
LaTeX Info: Redefining \Relbar on input line 970.
\c@MaxMatrixCols=\count308
\dotsspace@=\muskip18
\c@parentequation=\count309
\dspbrk@lvl=\count310
\tag@help=\toks27
\row@=\count311
\column@=\count312
\maxfields@=\count313
\andhelp@=\toks28
\eqnshift@=\dimen172
\alignsep@=\dimen173
\tagshift@=\dimen174
\tagwidth@=\dimen175
\totwidth@=\dimen176
\lineht@=\dimen177
\@envbody=\toks29
\multlinegap=\skip94
\multlinetaggap=\skip95
\mathdisplay@stack=\toks30
LaTeX Info: Redefining \[ on input line 2949.
LaTeX Info: Redefining \] on input line 2950.
)
(D:\latex\tex/latex/amsfonts\amssymb.sty
Package: amssymb 2013/01/14 v3.01 AMS font symbols

(D:\latex\tex/latex/amsfonts\amsfonts.sty
Package: amsfonts 2013/01/14 v3.01 Basic AMSFonts support
\symAMSa=\mathgroup4
\symAMSb=\mathgroup5
LaTeX Font Info:    Redeclaring math symbol \hbar on input line 98.
LaTeX Font Info:    Overwriting math alphabet `\mathfrak' in version `bold'
(Font)                  U/euf/m/n --> U/euf/b/n on input line 106.
))
(D:\latex\tex/latex/adjustbox\adjustbox.sty
Package: adjustbox 2025/02/26 v1.3c Adjusting TeX boxes (trim, clip, ...)

(D:\latex\tex/latex/xkeyval\xkeyval.sty
Package: xkeyval 2022/06/16 v2.9 package option processing (HA)

(D:\latex\tex/generic/xkeyval\xkeyval.tex
(D:\latex\tex/generic/xkeyval\xkvutils.tex
\XKV@toks=\toks31
\XKV@tempa@toks=\toks32
)
\XKV@depth=\count314
File: xkeyval.tex 2014/12/03 v2.7a key=value parser (HA)
))
(D:\latex\tex/latex/adjustbox\adjcalc.sty
Package: adjcalc 2012/05/16 v1.1 Provides advanced setlength with multiple back
-ends (calc, etex, pgfmath)
)
(D:\latex\tex/latex/adjustbox\trimclip.sty
Package: trimclip 2025/02/21 v1.2a Trim and clip general TeX material

(D:\latex\tex/latex/collectbox\collectbox.sty
Package: collectbox 2022/10/17 v0.4c Collect macro arguments as boxes
\collectedbox=\box65
)
\tc@llx=\dimen178
\tc@lly=\dimen179
\tc@urx=\dimen180
\tc@ury=\dimen181
Package trimclip Info: Using driver 'tc-pdftex.def'.

(D:\latex\tex/latex/adjustbox\tc-pdftex.def
File: tc-pdftex.def 2025/02/26 v2.3 Clipping driver for pdftex
))
\adjbox@Width=\dimen182
\adjbox@Height=\dimen183
\adjbox@Depth=\dimen184
\adjbox@Totalheight=\dimen185
\adjbox@pwidth=\dimen186
\adjbox@pheight=\dimen187
\adjbox@pdepth=\dimen188
\adjbox@ptotalheight=\dimen189

(D:\latex\tex/latex/ifoddpage\ifoddpage.sty
Package: ifoddpage 2022/10/18 v1.2 Conditionals for odd/even page detection
\c@checkoddpage=\count315
)
(D:\latex\tex/latex/varwidth\varwidth.sty
Package: varwidth 2009/03/30 ver 0.92;  Variable-width minipages
\@vwid@box=\box66
\sift@deathcycles=\count316
\@vwid@loff=\dimen190
\@vwid@roff=\dimen191
)
==> First Aid for varwidth.sty applied!
) (D:\latex\tex/latex/xurl\xurl.sty
Package: xurl 2022/01/09 v 0.10 modify URL breaks
) (D:\latex\tex/latex/hyperref\hyperref.sty
Package: hyperref 2025-07-12 v7.01o Hypertext links for LaTeX

(D:\latex\tex/generic/iftex\iftex.sty
Package: iftex 2024/12/12 v1.0g TeX engine tests
)
(D:\latex\tex/generic/kvdefinekeys\kvdefinekeys.sty
Package: kvdefinekeys 2019-12-19 v1.6 Define keys (HO)
)
(D:\latex\tex/generic/pdfescape\pdfescape.sty
Package: pdfescape 2019/12/09 v1.15 Implements pdfTeX's escape features (HO)

(D:\latex\tex/generic/pdftexcmds\pdftexcmds.sty
Package: pdftexcmds 2020-06-27 v0.33 Utility functions of pdfTeX for LuaTeX (HO
)

(D:\latex\tex/generic/infwarerr\infwarerr.sty
Package: infwarerr 2019/12/03 v1.5 Providing info/warning/error messages (HO)
)
Package pdftexcmds Info: \pdf@primitive is available.
Package pdftexcmds Info: \pdf@ifprimitive is available.
Package pdftexcmds Info: \pdfdraftmode found.
))
(D:\latex\tex/latex/hycolor\hycolor.sty
Package: hycolor 2020-01-27 v1.10 Color options for hyperref/bookmark (HO)
)
(D:\latex\tex/latex/hyperref\nameref.sty
Package: nameref 2025-06-21 v2.57 Cross-referencing by name of section

(D:\latex\tex/latex/refcount\refcount.sty
Package: refcount 2019/12/15 v3.6 Data extraction from label references (HO)
)
(D:\latex\tex/generic/gettitlestring\gettitlestring.sty
Package: gettitlestring 2019/12/15 v1.6 Cleanup title references (HO)
)
\c@section@level=\count317
)
(D:\latex\tex/latex/etoolbox\etoolbox.sty
Package: etoolbox 2025/02/11 v2.5l e-TeX tools for LaTeX (JAW)
\etb@tempcnta=\count318
)
(D:\latex\tex/generic/stringenc\stringenc.sty
Package: stringenc 2019/11/29 v1.12 Convert strings between diff. encodings (HO
)
)
\@linkdim=\dimen192
\Hy@linkcounter=\count319
\Hy@pagecounter=\count320

(D:\latex\tex/latex/hyperref\pd1enc.def
File: pd1enc.def 2025-07-12 v7.01o Hyperref: PDFDocEncoding definition (HO)
Now handling font encoding PD1 ...
... no UTF-8 mapping file for font encoding PD1
)
(D:\latex\tex/generic/intcalc\intcalc.sty
Package: intcalc 2019/12/15 v1.3 Expandable calculations with integers (HO)
)
\Hy@SavedSpaceFactor=\count321

(D:\latex\tex/latex/hyperref\puenc.def
File: puenc.def 2025-07-12 v7.01o Hyperref: PDF Unicode definition (HO)
Now handling font encoding PU ...
... no UTF-8 mapping file for font encoding PU
)
Package hyperref Info: Hyper figures OFF on input line 4195.
Package hyperref Info: Link nesting OFF on input line 4200.
Package hyperref Info: Hyper index ON on input line 4203.
Package hyperref Info: Plain pages OFF on input line 4210.
Package hyperref Info: Backreferencing OFF on input line 4215.
Package hyperref Info: Implicit mode ON; LaTeX internals redefined.
Package hyperref Info: Bookmarks ON on input line 4462.
\c@Hy@tempcnt=\count322
LaTeX Info: Redefining \url on input line 4801.
\XeTeXLinkMargin=\dimen193
 (D:\latex\tex/generic/bitset\bitset.sty
Package: bitset 2019/12/09 v1.3 Handle bit-vector datatype (HO)
(D:\latex\tex/generic/bigintcalc\bigintcalc.sty
Package: bigintcalc 2019/12/15 v1.5 Expandable calculations on big integers (HO
)
))
\Fld@menulength=\count323
\Field@Width=\dimen194
\Fld@charsize=\dimen195
Package hyperref Info: Hyper figures OFF on input line 6078.
Package hyperref Info: Link nesting OFF on input line 6083.
Package hyperref Info: Hyper index ON on input line 6086.
Package hyperref Info: backreferencing OFF on input line 6093.
Package hyperref Info: Link coloring OFF on input line 6098.
Package hyperref Info: Link coloring with OCG OFF on input line 6103.
Package hyperref Info: PDF/A mode OFF on input line 6108.
\Hy@abspage=\count324
\c@Item=\count325
\c@Hfootnote=\count326
)
Package hyperref Info: Driver (autodetected): hpdftex.

(D:\latex\tex/latex/hyperref\hpdftex.def
File: hpdftex.def 2025-07-12 v7.01o Hyperref driver for pdfTeX
\Fld@listcount=\count327
\c@bookmark@seq@number=\count328

(D:\latex\tex/latex/rerunfilecheck\rerunfilecheck.sty
Package: rerunfilecheck 2025-06-21 v1.11 Rerun checks for auxiliary files (HO)

(D:\latex\tex/generic/uniquecounter\uniquecounter.sty
Package: uniquecounter 2019/12/15 v1.4 Provide unlimited unique counter (HO)
)
Package uniquecounter Info: New unique counter `rerunfilecheck' on input line 2
84.
)
\Hy@SectionHShift=\skip96
)
Package hyperref Info: Option `breaklinks' set `true' on input line 43.

(D:\latex\tex/latex/biblatex\biblatex.sty
Package: biblatex 2025/07/10 v3.21 programmable bibliographies (PK/MW)
 (D:\latex\tex/latex/logreq\logreq.sty
Package: logreq 2010/08/04 v1.0 xml request logger
\lrq@indent=\count329
(D:\latex\tex/latex/logreq\logreq.def
File: logreq.def 2010/08/04 v1.0 logreq spec v1.0
))
\c@tabx@nest=\count330
\c@listtotal=\count331
\c@listcount=\count332
\c@liststart=\count333
\c@liststop=\count334
\c@citecount=\count335
\c@citetotal=\count336
\c@multicitecount=\count337
\c@multicitetotal=\count338
\c@instcount=\count339
\c@maxnames=\count340
\c@minnames=\count341
\c@maxitems=\count342
\c@minitems=\count343
\c@citecounter=\count344
\c@maxcitecounter=\count345
\c@savedcitecounter=\count346
\c@uniquelist=\count347
\c@uniquename=\count348
\c@refsection=\count349
\c@refsegment=\count350
\c@maxextratitle=\count351
\c@maxextratitleyear=\count352
\c@maxextraname=\count353
\c@maxextradate=\count354
\c@maxextraalpha=\count355
\c@abbrvpenalty=\count356
\c@highnamepenalty=\count357
\c@lownamepenalty=\count358
\c@maxparens=\count359
\c@parenlevel=\count360
\blx@tempcnta=\count361
\blx@tempcntb=\count362
\blx@tempcntc=\count363
\c@blx@maxsection=\count364
\blx@maxsegment@0=\count365
\blx@notetype=\count366
\blx@parenlevel@text=\count367
\blx@parenlevel@foot=\count368
\blx@sectionciteorder@0=\count369
\blx@sectionciteorderinternal@0=\count370
\blx@entrysetcounter=\count371
\blx@biblioinstance=\count372
\labelnumberwidth=\skip97
\labelalphawidth=\skip98
\biblabelsep=\skip99
\bibitemsep=\skip100
\bibnamesep=\skip101
\bibinitsep=\skip102
\bibparsep=\skip103
\bibhang=\skip104
\blx@bcfin=\read2
\blx@bcfout=\write3
\blx@langwohyphens=\language79
\c@mincomprange=\count373
\c@maxcomprange=\count374
\c@mincompwidth=\count375
Package biblatex Info: Trying to load biblatex default data model...
Package biblatex Info: ... file 'blx-dm.def' found.
 (D:\latex\tex/latex/biblatex\blx-dm.def
File: blx-dm.def 2025/07/10 v3.21 biblatex datamodel (PK/MW)
)
Package biblatex Info: Trying to load biblatex style data model...
Package biblatex Info: ... file 'numeric.dbx' not found.
Package biblatex Info: Trying to load biblatex custom data model...
Package biblatex Info: ... file 'biblatex-dm.cfg' not found.
\c@afterword=\count376
\c@savedafterword=\count377
\c@annotator=\count378
\c@savedannotator=\count379
\c@author=\count380
\c@savedauthor=\count381
\c@bookauthor=\count382
\c@savedbookauthor=\count383
\c@commentator=\count384
\c@savedcommentator=\count385
\c@editor=\count386
\c@savededitor=\count387
\c@editora=\count388
\c@savededitora=\count389
\c@editorb=\count390
\c@savededitorb=\count391
\c@editorc=\count392
\c@savededitorc=\count393
\c@foreword=\count394
\c@savedforeword=\count395
\c@holder=\count396
\c@savedholder=\count397
\c@introduction=\count398
\c@savedintroduction=\count399
\c@namea=\count400
\c@savednamea=\count401
\c@nameb=\count402
\c@savednameb=\count403
\c@namec=\count404
\c@savednamec=\count405
\c@translator=\count406
\c@savedtranslator=\count407
\c@shortauthor=\count408
\c@savedshortauthor=\count409
\c@shorteditor=\count410
\c@savedshorteditor=\count411
\c@labelname=\count412
\c@savedlabelname=\count413
\c@institution=\count414
\c@savedinstitution=\count415
\c@lista=\count416
\c@savedlista=\count417
\c@listb=\count418
\c@savedlistb=\count419
\c@listc=\count420
\c@savedlistc=\count421
\c@listd=\count422
\c@savedlistd=\count423
\c@liste=\count424
\c@savedliste=\count425
\c@listf=\count426
\c@savedlistf=\count427
\c@location=\count428
\c@savedlocation=\count429
\c@organization=\count430
\c@savedorganization=\count431
\c@origlocation=\count432
\c@savedoriglocation=\count433
\c@origpublisher=\count434
\c@savedorigpublisher=\count435
\c@publisher=\count436
\c@savedpublisher=\count437
\c@language=\count438
\c@savedlanguage=\count439
\c@origlanguage=\count440
\c@savedoriglanguage=\count441
\c@pageref=\count442
\c@savedpageref=\count443
\shorthandwidth=\skip105
\shortjournalwidth=\skip106
\shortserieswidth=\skip107
\shorttitlewidth=\skip108
\shortauthorwidth=\skip109
\shorteditorwidth=\skip110
\locallabelnumberwidth=\skip111
\locallabelalphawidth=\skip112
\localshorthandwidth=\skip113
\localshortjournalwidth=\skip114
\localshortserieswidth=\skip115
\localshorttitlewidth=\skip116
\localshortauthorwidth=\skip117
\localshorteditorwidth=\skip118
Package biblatex Info: Trying to load compatibility code...
Package biblatex Info: ... file 'blx-compat.def' found.
 (D:\latex\tex/latex/biblatex\blx-compat.def
File: blx-compat.def 2025/07/10 v3.21 biblatex compatibility (PK/MW)
)
Package biblatex Info: Trying to load generic definitions...
Package biblatex Info: ... file 'biblatex.def' found.

(D:\latex\tex/latex/biblatex\biblatex.def
File: biblatex.def 2025/07/10 v3.21 biblatex compatibility (PK/MW)
\c@textcitecount=\count444
\c@textcitetotal=\count445
\c@textcitemaxnames=\count446
\c@biburlbigbreakpenalty=\count447
\c@biburlbreakpenalty=\count448
\c@biburlnumpenalty=\count449
\c@biburlucpenalty=\count450
\c@biburllcpenalty=\count451
\biburlbigskip=\muskip19
\biburlnumskip=\muskip20
\biburlucskip=\muskip21
\biburllcskip=\muskip22
\c@smartand=\count452
)
Package biblatex Info: Trying to load bibliography style 'numeric'...
Package biblatex Info: ... file 'numeric.bbx' found.

(D:\latex\tex/latex/biblatex/bbx\numeric.bbx
File: numeric.bbx 2025/07/10 v3.21 biblatex bibliography style (PK/MW)
Package biblatex Info: Trying to load bibliography style 'standard'...
Package biblatex Info: ... file 'standard.bbx' found.

(D:\latex\tex/latex/biblatex/bbx\standard.bbx
File: standard.bbx 2025/07/10 v3.21 biblatex bibliography style (PK/MW)
\c@bbx:relatedcount=\count453
\c@bbx:relatedtotal=\count454
))
Package biblatex Info: Trying to load citation style 'numeric'...
Package biblatex Info: ... file 'numeric.cbx' found.

(D:\latex\tex/latex/biblatex/cbx\numeric.cbx
File: numeric.cbx 2025/07/10 v3.21 biblatex citation style (PK/MW)
Package biblatex Info: Redefining '\cite'.
Package biblatex Info: Redefining '\parencite'.
Package biblatex Info: Redefining '\footcite'.
Package biblatex Info: Redefining '\footcitetext'.
Package biblatex Info: Redefining '\smartcite'.
Package biblatex Info: Redefining '\supercite'.
Package biblatex Info: Redefining '\textcite'.
Package biblatex Info: Redefining '\textcites'.
Package biblatex Info: Redefining '\cites'.
Package biblatex Info: Redefining '\parencites'.
Package biblatex Info: Redefining '\smartcites'.
)
Package biblatex Info: Trying to load configuration file...
Package biblatex Info: ... file 'biblatex.cfg' found.

(D:\latex\tex/latex/biblatex\biblatex.cfg
File: biblatex.cfg 
)
Package biblatex Info: Input encoding 'utf8' detected.
Package biblatex Info: Document encoding is UTF8 ....
Package biblatex Info: ... and expl3
(biblatex)             2025-08-13 L3 programming layer (loader) 
(biblatex)             is new enough (at least 2020/04/06),
(biblatex)             setting 'casechanger=expl3'.

(D:\latex\tex/latex/biblatex\blx-case-expl3.sty
(D:\latex\tex/latex/l3packages/xparse\xparse.sty
Package: xparse 2024-08-16 L3 Experimental document command parser
)
Package: blx-case-expl3 2025/07/10 v3.21 expl3 case changing code for biblatex
))
\c@myfigure=\count455
\myfigwidth=\skip119
\@quotelevel=\count456
\@quotereset=\count457
 (przyklad.aux)
\openout1 = `przyklad.aux'.

LaTeX Font Info:    Checking defaults for OML/cmm/m/it on input line 93.
LaTeX Font Info:    ... okay on input line 93.
LaTeX Font Info:    Checking defaults for OMS/cmsy/m/n on input line 93.
LaTeX Font Info:    ... okay on input line 93.
LaTeX Font Info:    Checking defaults for OT1/cmr/m/n on input line 93.
LaTeX Font Info:    ... okay on input line 93.
LaTeX Font Info:    Checking defaults for T1/cmr/m/n on input line 93.
LaTeX Font Info:    ... okay on input line 93.
LaTeX Font Info:    Checking defaults for TS1/cmr/m/n on input line 93.
LaTeX Font Info:    ... okay on input line 93.
LaTeX Font Info:    Checking defaults for OMX/cmex/m/n on input line 93.
LaTeX Font Info:    ... okay on input line 93.
LaTeX Font Info:    Checking defaults for U/cmr/m/n on input line 93.
LaTeX Font Info:    ... okay on input line 93.
LaTeX Font Info:    Checking defaults for OT4/cmr/m/n on input line 93.
LaTeX Font Info:    ... okay on input line 93.
LaTeX Font Info:    Checking defaults for PD1/pdf/m/n on input line 93.
LaTeX Font Info:    ... okay on input line 93.
LaTeX Font Info:    Checking defaults for PU/pdf/m/n on input line 93.
LaTeX Font Info:    ... okay on input line 93.
LaTeX Encoding Info:    Redeclaring text command \= (encoding OT1) on input lin
e 93.
LaTeX Encoding Info:    Redeclaring text command \= (encoding T1) on input line
 93.
LaTeX Encoding Info:    Redeclaring text command \= (encoding OT4) on input lin
e 93.

(D:\latex\tex/context/base/mkii\supp-pdf.mkii
[Loading MPS to PDF converter (version 2006.09.02).]
\scratchcounter=\count458
\scratchdimen=\dimen196
\scratchbox=\box67
\nofMPsegments=\count459
\nofMParguments=\count460
\everyMPshowfont=\toks33
\MPscratchCnt=\count461
\MPscratchDim=\dimen197
\MPnumerator=\count462
\makeMPintoPDFobject=\count463
\everyMPtoPDFconversion=\toks34
) (D:\latex\tex/latex/epstopdf-pkg\epstopdf-base.sty
Package: epstopdf-base 2020-01-24 v2.11 Base part for package epstopdf
Package epstopdf-base Info: Redefining graphics rule for `.eps' on input line 4
85.

(D:\latex\tex/latex/00miktex\epstopdf-sys.cfg
File: epstopdf-sys.cfg 2021/03/18 v2.0 Configuration of epstopdf for MiKTeX
))
Package caption Info: Begin \AtBeginDocument code.
Package caption Info: hyperref package is loaded.
Package caption Info: longtable package is loaded.

(D:\latex\tex/latex/caption\ltcaption.sty
Package: ltcaption 2021/01/08 v1.4c longtable captions (AR)
)
Package caption Info: End \AtBeginDocument code.
Package hyperref Info: Link coloring OFF on input line 93.
 (przyklad.out) (przyklad.out)
\@outlinefile=\write4
\openout4 = `przyklad.out'.

Package biblatex Info: Trying to load language 'polish'...
Package biblatex Info: ... file 'polish.lbx' found.

(D:\latex\tex/latex/biblatex/lbx\polish.lbx
File: polish.lbx 2025/07/10 v3.21 biblatex localization (PK/MW)
)
Package biblatex Info: Input encoding 'utf8' detected.
Package biblatex Info: Automatic encoding selection.
(biblatex)             Assuming data encoding 'utf8'.
\openout3 = `przyklad.bcf'.

Package biblatex Info: Trying to load bibliographic data...
Package biblatex Info: ... file 'przyklad.bbl' found.
 (przyklad.bbl)
Package biblatex Info: Reference section=0 on input line 93.
Package biblatex Info: Reference segment=0 on input line 93.
LaTeX Font Info:    Trying to load font information for OML+plm on input line 9
8.

(D:\latex\tex/latex/polski\omlplm.fd
File: omlplm.fd 2008/02/24 v1.2.1 Font defs for fonts PL (MW)
)
LaTeX Font Info:    Trying to load font information for OMS+plsy on input line 
98.
 (D:\latex\tex/latex/polski\omsplsy.fd
File: omsplsy.fd 2008/02/24 v1.2.1 Font defs for fonts PL (MW)
)
LaTeX Font Info:    Trying to load font information for OMX+plex on input line 
98.

(D:\latex\tex/latex/polski\omxplex.fd
File: omxplex.fd 2008/02/24 v1.2.1 Font defs for fonts PL (MW)
)
LaTeX Font Info:    External font `plex10' loaded for size
(Font)              <12> on input line 98.
LaTeX Font Info:    External font `plex10' loaded for size
(Font)              <8> on input line 98.
LaTeX Font Info:    External font `plex10' loaded for size
(Font)              <6> on input line 98.
LaTeX Font Info:    Trying to load font information for U+msa on input line 98.

 (D:\latex\tex/latex/amsfonts\umsa.fd
File: umsa.fd 2013/01/14 v3.01 AMS symbols A
)
LaTeX Font Info:    Trying to load font information for U+msb on input line 98.


(D:\latex\tex/latex/amsfonts\umsb.fd
File: umsb.fd 2013/01/14 v3.01 AMS symbols B
)
Underfull \hbox (badness 2103) in paragraph at lines 98--98
 []\OT4/cmr/m/n/12 Praca magisterska wykonana 
 []


Underfull \hbox (badness 5924) in paragraph at lines 98--98
 []\OT4/cmr/m/n/12 pod kierunkiem 
 []


Underfull \hbox (badness 3701) in paragraph at lines 98--98
 []\OT4/cmr/m/n/12 dr Agnieszki Zbrzezny 
 []



[1


{C:/Users/Ziolek/AppData/Local/MiKTeX/fonts/map/pdftex/pdftex.map}{D:/latex/fon
ts/enc/dvips/pl/plsc.enc}{D:/latex/fonts/enc/dvips/pl/plrm.enc}]
Underfull \hbox (badness 2119) in paragraph at lines 98--98
 []\OT4/cmr/m/n/12 Master's Thesis is performed 
 []


Underfull \hbox (badness 1028) in paragraph at lines 98--98
 []\OT4/cmr/m/n/12 in the Department of Mathematical 
 []


Underfull \hbox (badness 1168) in paragraph at lines 98--98
 \OT4/cmr/m/n/12 Methods of Computer Science 
 []


Underfull \hbox (badness 4279) in paragraph at lines 98--98
 []\OT4/cmr/m/n/12 under supervision of 
 []


Underfull \hbox (badness 2951) in paragraph at lines 98--98
 []\OT4/cmr/m/n/12 Agnieszka Zbrzezny PhD 
 []



[2] (przyklad.toc


pdfTeX warning (ext4): destination with the same identifier (name{page.1}) has 
been already used, duplicate ignored
<to be read again> 
                   \relax 
l.46 ...reningowy i testowy}{30}{subsection.3.1.6}
                                                  % [1])
\tf@toc=\write5
\openout5 = `przyklad.toc'.




pdfTeX warning (ext4): destination with the same identifier (name{page.2}) has 
been already used, duplicate ignored
<to be read again> 
                   \relax 
l.104 \chapter*{Przedstawienie problemu}
                                         [2]

[3

{D:/latex/fonts/enc/dvips/pl/plit.enc}{D:/latex/fonts/enc/dvips/pl/plms.enc}]

[4]
Underfull \vbox (badness 10000) has occurred while \output is active []



[5

]

[6]
Rozdzia\PlPrIeC {\l } 1.

Package hyperref Warning: Token not allowed in a PDF string (Unicode):
(hyperref)                removing `\leavevmode@ifvmode' on input line 139.


Package hyperref Warning: Token not allowed in a PDF string (Unicode):
(hyperref)                \kern 5.87494pt
(hyperref)                replaced by space on input line 139.



[7

]
Underfull \vbox (badness 2662) has occurred while \output is active []



[8]
Underfull \vbox (badness 1874) has occurred while \output is active []



[9]

[10]

[11]

[12]

[13]
Rozdzia\PlPrIeC {\l } 2.

Package hyperref Warning: Token not allowed in a PDF string (Unicode):
(hyperref)                removing `\leavevmode@ifvmode' on input line 275.


Package hyperref Warning: Token not allowed in a PDF string (Unicode):
(hyperref)                \kern 5.87494pt
(hyperref)                replaced by space on input line 275.



[14

]

[15]

[16]

[17]
LaTeX Font Info:    Trying to load font information for OT4+cmtt on input line 
435.
 (D:\latex\tex/latex/polski\ot4cmtt.fd
File: ot4cmtt.fd 2008/02/24 v1.2.1 Font defs for fonts PL (MW)
)

[18{D:/latex/fonts/enc/dvips/pl/pltt.enc}]
Overfull \hbox (3.87665pt too wide) in paragraph at lines 442--444
[]\OT4/cmr/m/n/12 Proces dal-sze-go ucze-nia mo-de-lu zo-staª skon-fi-gu-ro-wa-
ny za po-mo-c¡ kla-sy \OT4/cmtt/m/n/12 TrainingArguments\OT4/cmr/m/n/12 ,
 []


Underfull \vbox (badness 10000) has occurred while \output is active []



[19]

[20{D:/latex/fonts/enc/dvips/pl/plmi.enc}{D:/latex/fonts/enc/dvips/pl/plme.enc}
]

[21]

[22]

[23]
Rozdzia\PlPrIeC {\l } 3.

Package hyperref Warning: Token not allowed in a PDF string (Unicode):
(hyperref)                removing `\leavevmode@ifvmode' on input line 517.


Package hyperref Warning: Token not allowed in a PDF string (Unicode):
(hyperref)                \kern 5.87494pt
(hyperref)                replaced by space on input line 517.



[24

]

[25]
<over1.png, id=499, 590.205pt x 365.86688pt>
File: over1.png Graphic file (type png)
<use over1.png>
Package pdftex.def Info: over1.png  used on input line 604.
(pdftex.def)             Requested size: 434.69705pt x 269.46999pt.

Underfull \vbox (badness 10000) has occurred while \output is active []



[26]

[27 <./over1.png>]
<over2.png, id=515, 589.4522pt x 364.36125pt>
File: over2.png Graphic file (type png)
<use over2.png>
Package pdftex.def Info: over2.png  used on input line 613.
(pdftex.def)             Requested size: 434.69705pt x 268.70575pt.


[28 <./over2.png>]
LaTeX Font Info:    Trying to load font information for OMS+cmr on input line 6
23.
 (D:\latex\tex/latex/base\omscmr.fd
File: omscmr.fd 2024/11/19 v2.5n Standard LaTeX font definitions
)
LaTeX Font Info:    Font shape `OMS/cmr/m/n' in size <12> not available
(Font)              Font shape `OMS/cmsy/m/n' tried instead on input line 623.


[29]

[30]
Underfull \vbox (badness 10000) has occurred while \output is active []



[31]

[32]

[33]

[34]
Underfull \hbox (badness 10000) in paragraph at lines 815--816

 []


Underfull \hbox (badness 10000) in paragraph at lines 838--839

 []



[35]
<shap3.png, id=573, 806.26219pt x 158.84344pt>
File: shap3.png Graphic file (type png)
<use shap3.png>
Package pdftex.def Info: shap3.png  used on input line 853.
(pdftex.def)             Requested size: 434.69705pt x 85.64087pt.

Underfull \hbox (badness 10000) in paragraph at lines 863--864

 []

<shap4.png, id=574, 801.74532pt x 161.10187pt>
File: shap4.png Graphic file (type png)
<use shap4.png>
Package pdftex.def Info: shap4.png  used on input line 878.
(pdftex.def)             Requested size: 434.69705pt x 87.35014pt.


[36 <./shap3.png> <./shap4.png>]
Underfull \hbox (badness 10000) in paragraph at lines 888--889

 []

<shap5.png, id=585, 802.49812pt x 158.09062pt>
File: shap5.png Graphic file (type png)
<use shap5.png>
Package pdftex.def Info: shap5.png  used on input line 902.
(pdftex.def)             Requested size: 434.69705pt x 85.6354pt.

Underfull \hbox (badness 10000) in paragraph at lines 912--913

 []

<shap6.png, id=586, 801.74532pt x 156.585pt>
File: shap6.png Graphic file (type png)
<use shap6.png>
Package pdftex.def Info: shap6.png  used on input line 926.
(pdftex.def)             Requested size: 434.69705pt x 84.90108pt.


[37 <./shap5.png>]
Underfull \hbox (badness 10000) in paragraph at lines 936--937

 []

<shap7.png, id=594, 807.7678pt x 160.34906pt>
File: shap7.png Graphic file (type png)
<use shap7.png>
Package pdftex.def Info: shap7.png  used on input line 950.
(pdftex.def)             Requested size: 434.69705pt x 86.29114pt.

Underfull \hbox (badness 10000) in paragraph at lines 960--961

 []



[38 <./shap6.png> <./shap7.png>]
<shap8.png, id=605, 803.25093pt x 163.3603pt>
File: shap8.png Graphic file (type png)
<use shap8.png>
Package pdftex.def Info: shap8.png  used on input line 974.
(pdftex.def)             Requested size: 434.69705pt x 88.40767pt.

Underfull \hbox (badness 10000) in paragraph at lines 984--985

 []


Overfull \hbox (3.96431pt too wide) in paragraph at lines 988--989
[]\OT4/cmr/m/n/12 Model po-praw-nie skla-sy-fi-ko-waª wy-po-wied¹ ja-ko neu-tra
l-n¡, mi-mo wy-st¦-po-wa-nia sªo-wa ,,unfor-
 []

<shap9.png, id=606, 804.75656pt x 157.33781pt>
File: shap9.png Graphic file (type png)
<use shap9.png>
Package pdftex.def Info: shap9.png  used on input line 998.
(pdftex.def)             Requested size: 434.69705pt x 84.98755pt.


[39 <./shap8.png> <./shap9.png>]
Underfull \hbox (badness 10000) in paragraph at lines 1008--1009

 []

<shap10.png, id=617, 807.015pt x 156.585pt>
File: shap10.png Graphic file (type png)
<use shap10.png>
Package pdftex.def Info: shap10.png  used on input line 1022.
(pdftex.def)             Requested size: 434.69705pt x 84.34438pt.

Underfull \hbox (badness 10000) in paragraph at lines 1032--1033

 []



[40 <./shap10.png>]
Overfull \hbox (0.8115pt too wide) in paragraph at lines 1074--1075
[]\OT4/cmr/bx/n/12 Interakcje skªadniowo-semantyczne: \OT4/cmr/m/n/12 SHAP trak
-tu-je wkªa-dy to-ke-nów ad-dy-tyw-nie, przez
 []



[41]

[42]
Overfull \hbox (1.31909pt too wide) in paragraph at lines 1137--1138
\OT4/cmr/m/n/12 dyk-cje: 10 przy-pad-ków po-praw-nych, 2 przy-pad-ki bª¦d-nych.
 Ziar-no ge-ne-ra-to-ra: \OT4/cmtt/m/n/12 random[]state
 []


Underfull \hbox (badness 10000) in paragraph at lines 1153--1154

 []



[43]
Underfull \hbox (badness 10000) in paragraph at lines 1175--1176

 []

<lime3.png, id=650, 688.82344pt x 294.34969pt>
File: lime3.png Graphic file (type png)
<use lime3.png>
Package pdftex.def Info: lime3.png  used on input line 1189.
(pdftex.def)             Requested size: 434.69705pt x 185.75568pt.


[44 <./lime3.png>]
Underfull \hbox (badness 10000) in paragraph at lines 1199--1200

 []

<lime4.png, id=659, 682.80093pt x 296.60812pt>
File: lime4.png Graphic file (type png)
<use lime4.png>
Package pdftex.def Info: lime4.png  used on input line 1213.
(pdftex.def)             Requested size: 434.69705pt x 188.83286pt.

Underfull \hbox (badness 10000) in paragraph at lines 1223--1224

 []

<lime5.png, id=660, 692.5875pt x 259.7203pt>
File: lime5.png Graphic file (type png)
<use lime5.png>
Package pdftex.def Info: lime5.png  used on input line 1237.
(pdftex.def)             Requested size: 434.69705pt x 163.01434pt.


[45 <./lime4.png>]
Underfull \hbox (badness 10000) in paragraph at lines 1247--1248

 []

<lime6.png, id=668, 678.28406pt x 256.70906pt>
File: lime6.png Graphic file (type png)
<use lime6.png>
Package pdftex.def Info: lime6.png  used on input line 1261.
(pdftex.def)             Requested size: 434.69705pt x 164.5165pt.


[46 <./lime5.png> <./lime6.png>]
Underfull \hbox (badness 10000) in paragraph at lines 1271--1272

 []

<lime7.png, id=679, 699.36281pt x 233.37187pt>
File: lime7.png Graphic file (type png)
<use lime7.png>
Package pdftex.def Info: lime7.png  used on input line 1285.
(pdftex.def)             Requested size: 434.69705pt x 145.05583pt.

Underfull \hbox (badness 10000) in paragraph at lines 1295--1296

 []

<lime8.png, id=680, 668.4975pt x 231.11343pt>
File: lime8.png Graphic file (type png)
<use lime8.png>
Package pdftex.def Info: lime8.png  used on input line 1309.
(pdftex.def)             Requested size: 434.69705pt x 150.28896pt.


[47 <./lime7.png>]
Underfull \hbox (badness 10000) in paragraph at lines 1319--1320

 []

<lime9.png, id=689, 705.38531pt x 249.18094pt>
File: lime9.png Graphic file (type png)
<use lime9.png>
Package pdftex.def Info: lime9.png  used on input line 1333.
(pdftex.def)             Requested size: 434.69705pt x 153.55904pt.


[48 <./lime8.png> <./lime9.png>]
Underfull \hbox (badness 10000) in paragraph at lines 1343--1344

 []

<lime10.png, id=700, 636.12656pt x 127.22531pt>
File: lime10.png Graphic file (type png)
<use lime10.png>
Package pdftex.def Info: lime10.png  used on input line 1357.
(pdftex.def)             Requested size: 434.69705pt x 86.93913pt.

Underfull \hbox (badness 10000) in paragraph at lines 1367--1368

 []



[49 <./lime10.png>]

[50]

Package hyperref Warning: Token not allowed in a PDF string (Unicode):
(hyperref)                removing `\mathsurround' on input line 1425.


Package hyperref Warning: Token not allowed in a PDF string (Unicode):
(hyperref)                removing `\z@' on input line 1425.


Package hyperref Warning: Token not allowed in a PDF string (Unicode):
(hyperref)                removing `subscript' on input line 1425.


Package hyperref Warning: Token not allowed in a PDF string (Unicode):
(hyperref)                removing `\mathsurround' on input line 1425.


Package hyperref Warning: Token not allowed in a PDF string (Unicode):
(hyperref)                removing `\z@' on input line 1425.


Package hyperref Warning: Token not allowed in a PDF string (Unicode):
(hyperref)                removing `subscript' on input line 1425.



[51]
<del_multi.png, id=729, 590.95781pt x 439.6425pt>
File: del_multi.png Graphic file (type png)
<use del_multi.png>
Package pdftex.def Info: del_multi.png  used on input line 1472.
(pdftex.def)             Requested size: 434.69705pt x 323.39833pt.
<ins_multi.png, id=730, 589.4522pt x 440.39531pt>
File: ins_multi.png Graphic file (type png)
<use ins_multi.png>
Package pdftex.def Info: ins_multi.png  used on input line 1473.
(pdftex.def)             Requested size: 434.69705pt x 324.77864pt.

Underfull \vbox (badness 10000) has occurred while \output is active []



[52]
Underfull \vbox (badness 10000) has occurred while \output is active []



[53 <./del_multi.png>]

[54 <./ins_multi.png>]
<del_top1.png, id=756, 590.205pt x 437.38406pt>
File: del_top1.png Graphic file (type png)
<use del_top1.png>
Package pdftex.def Info: del_top1.png  used on input line 1504.
(pdftex.def)             Requested size: 434.69705pt x 322.14415pt.
<ins_top1.png, id=757, 590.205pt x 438.8897pt>
File: ins_top1.png Graphic file (type png)
<use ins_top1.png>
Package pdftex.def Info: ins_top1.png  used on input line 1505.
(pdftex.def)             Requested size: 434.69705pt x 323.2531pt.


[55]
Underfull \vbox (badness 10000) has occurred while \output is active []



[56 <./del_top1.png>]
Underfull \vbox (badness 1194) has occurred while \output is active []



[57 <./ins_top1.png>]
Underfull \vbox (badness 4595) has occurred while \output is active []



[58]

[59]

[60]

[61]
Overfull \hbox (8.13802pt too wide) in paragraph at lines 1662--1663
[]\OT4/cmr/m/n/12 Analiza po-rów-naw-cza me-tod wy-ja-±nie« (SHAP, LI-ME, ba-se
-li-ne'y ta-kie jak Ran-dom i TF-IDF)
 []



[62]
Underfull \vbox (badness 10000) has occurred while \output is active []



[63]

[64]

[65]
Rozdzia\PlPrIeC {\l } 4.

Package hyperref Warning: Token not allowed in a PDF string (Unicode):
(hyperref)                removing `\leavevmode@ifvmode' on input line 1747.


Package hyperref Warning: Token not allowed in a PDF string (Unicode):
(hyperref)                \kern 5.87494pt
(hyperref)                replaced by space on input line 1747.


Overfull \hbox (3.71703pt too wide) in paragraph at lines 1754--1755
[]\OT4/cmr/m/n/12 W roz-dzia-le \OT4/cmr/m/it/12 ,,Glo-bal Model-Agnostic Me-th
ods''\OT4/cmr/m/n/12 , w sek-cjach \OT4/cmr/m/it/12 ,,Par-tial De-pen-den-ce Pl
ot (PDP)''\OT4/cmr/m/n/12 ,
 []



[66

]

[67]

[68]
Rozdzia\PlPrIeC {\l } 5.

Package hyperref Warning: Token not allowed in a PDF string (Unicode):
(hyperref)                removing `\leavevmode@ifvmode' on input line 1808.


Package hyperref Warning: Token not allowed in a PDF string (Unicode):
(hyperref)                \kern 5.87494pt
(hyperref)                replaced by space on input line 1808.


Underfull \vbox (badness 1590) has occurred while \output is active []



[69

]

[70]
Underfull \vbox (badness 10000) has occurred while \output is active []



[71] (przyklad.lof)
\tf@lof=\write6
\openout6 = `przyklad.lof'.



[72] (przyklad.lot)
\tf@lot=\write7
\openout7 = `przyklad.lot'.



[73]

[74

]

[75]

[76

]

[77

] (przyklad.aux)
 ***********
LaTeX2e <2025-06-01> patch level 1
L3 programming layer <2025-08-13>
 ***********


LaTeX Warning: There were undefined references.

Package rerunfilecheck Info: File `przyklad.out' has not changed.
(rerunfilecheck)             Checksum: 36ED4A5684680BD2341465491C044051;13874.

Package biblatex Warning: Please (re)run Biber on the file:
(biblatex)                przyklad
(biblatex)                and rerun LaTeX afterwards.

Package logreq Info: Writing requests to 'przyklad.run.xml'.
\openout1 = `przyklad.run.xml'.

 ) 
Here is how much of TeX's memory you used:
 22196 strings out of 468132
 382636 string characters out of 5448004
 1291111 words of memory out of 5000000
 50226 multiletter control sequences out of 15000+600000
 644545 words of font info for 87 fonts, out of 8000000 for 9000
 1141 hyphenation exceptions out of 8191
 73i,12n,79p,2398b,1500s stack positions out of 10000i,1000n,20000p,200000b,200000s
 <C:\Users\Ziolek\AppData\Local\MiKTeX\fonts/pk/ljfour/jknappen/ec/dpi600\tcr
m1200.pk><D:/latex/fonts/type1/public/amsfonts/cm/cmsy10.pfb><D:/latex/fonts/ty
pe1/public/amsfonts/symbols/msbm10.pfb><D:/latex/fonts/type1/public/pl/plbx10.p
fb><D:/latex/fonts/type1/public/pl/plbx12.pfb><D:/latex/fonts/type1/public/pl/p
lbx8.pfb><D:/latex/fonts/type1/public/pl/plbxti10.pfb><D:/latex/fonts/type1/pub
lic/pl/plcsc10.pfb><D:/latex/fonts/type1/public/pl/plex10.pfb><D:/latex/fonts/t
ype1/public/pl/plmi12.pfb><D:/latex/fonts/type1/public/pl/plmi8.pfb><D:/latex/f
onts/type1/public/pl/plr10.pfb><D:/latex/fonts/type1/public/pl/plr12.pfb><D:/la
tex/fonts/type1/public/pl/plr6.pfb><D:/latex/fonts/type1/public/pl/plr8.pfb><D:
/latex/fonts/type1/public/pl/plsy10.pfb><D:/latex/fonts/type1/public/pl/plsy8.p
fb><D:/latex/fonts/type1/public/pl/plti10.pfb><D:/latex/fonts/type1/public/pl/p
lti12.pfb><D:/latex/fonts/type1/public/pl/plti8.pfb><D:/latex/fonts/type1/publi
c/pl/pltt12.pfb>
Output written on przyklad.pdf (79 pages, 1110113 bytes).
PDF statistics:
 1123 PDF objects out of 1200 (max. 8388607)
 285 named destinations out of 1000 (max. 500000)
 591 words of extra memory for PDF output out of 10000 (max. 10000000)

