\BOOKMARK [0][-]{chapter*.1}{\376\377\000P\000r\000z\000e\000d\000s\000t\000a\000w\000i\000e\000n\000i\000e\000\040\000p\000r\000o\000b\000l\000e\000m\000u}{}% 1
\BOOKMARK [0][-]{chapter*.4}{\376\377\000W\000s\000t\001\031\000p}{}% 2
\BOOKMARK [0][-]{chapter.1}{\376\377\000R\000o\000z\000d\000z\000i\000a\001\102\000\040\0001\000.\000\040\000N\000L\000P\000\040\000i\000\040\000t\000e\000c\000h\000n\000i\000k\000i\000\040\000w\000y\000j\000a\001\133\000n\000i\000a\000l\000n\000o\001\133\000c\000i}{}% 3
\BOOKMARK [1][-]{section.1.1}{\376\377\000P\000r\000z\000e\000t\000w\000a\000r\000z\000a\000n\000i\000e\000\040\000j\001\031\000z\000y\000k\000a\000\040\000n\000a\000t\000u\000r\000a\000l\000n\000e\000g\000o\000\040\000\050\000N\000L\000P\000\051}{chapter.1}% 4
\BOOKMARK [2][-]{subsection.1.1.1}{\376\377\000G\001\102\000\363\000w\000n\000e\000\040\000k\000o\000m\000p\000o\000n\000e\000n\000t\000y\000\040\000N\000L\000P}{section.1.1}% 5
\BOOKMARK [2][-]{subsection.1.1.2}{\376\377\000Z\000a\000s\000t\000o\000s\000o\000w\000a\000n\000i\000a\000\040\000N\000L\000P\000\040\000i\000\040\000o\000b\000e\000c\000n\000e\000\040\000w\000y\000z\000w\000a\000n\000i\000a}{section.1.1}% 6
\BOOKMARK [1][-]{section.1.2}{\376\377\000K\000l\000a\000s\000y\000f\000i\000k\000a\000c\000j\000a\000\040\000e\000m\000o\000c\000j\000i\000\040\000w\000\040\000t\000e\000k\000s\000t\000a\000c\000h}{chapter.1}% 7
\BOOKMARK [2][-]{subsection.1.2.1}{\376\377\000K\000l\000a\000s\000y\000f\000i\000k\000a\000c\000j\000a\000\040\000s\000u\000b\000i\000e\000k\000t\000y\000w\000n\000o\001\133\000c\000i}{section.1.2}% 8
\BOOKMARK [2][-]{subsection.1.2.2}{\376\377\000K\000l\000a\000s\000y\000f\000i\000k\000a\000c\000j\000a\000\040\000s\000e\000n\000t\000y\000m\000e\000n\000t\000\363\000w\000\040\000z\000d\000a\001\104}{section.1.2}% 9
\BOOKMARK [1][-]{section.1.3}{\376\377\000S\000z\000t\000u\000c\000z\000n\000a\000\040\000i\000n\000t\000e\000l\000i\000g\000e\000n\000c\000j\000a\000\040\000w\000y\000j\000a\001\133\000n\000i\000a\000l\000n\000a\000\040\000\050\000X\000A\000I\000\051}{chapter.1}% 10
\BOOKMARK [2][-]{subsection.1.3.1}{\376\377\000I\000n\000t\000e\000r\000p\000r\000e\000t\000o\000w\000a\000l\000n\000o\001\133\001\007\000\040\000a\000\040\000w\000y\000j\000a\001\133\000n\000i\000a\000l\000n\000o\001\133\001\007\000\040\000m\000o\000d\000e\000l\000i}{section.1.3}% 11
\BOOKMARK [2][-]{subsection.1.3.2}{\376\377\000K\000a\000t\000e\000g\000o\000r\000i\000e\000\040\000i\000\040\000m\000e\000t\000o\000d\000y\000\040\000w\000y\000j\000a\001\133\000n\000i\000a\000n\000i\000a\000\040\000m\000o\000d\000e\000l\000i}{section.1.3}% 12
\BOOKMARK [1][-]{section.1.4}{\376\377\000R\000o\000l\000a\000\040\000w\000y\000j\000a\001\133\000n\000i\000a\000l\000n\000o\001\133\000c\000i\000\040\000w\000\040\000k\000o\000n\000t\000e\000k\001\133\000c\000i\000e\000\040\000k\000l\000a\000s\000y\000f\000i\000k\000a\000c\000j\000i\000\040\000e\000m\000o\000c\000j\000i\000\040\000z\000\040\000t\000e\000k\000s\000t\000u}{chapter.1}% 13
\BOOKMARK [2][-]{subsection.1.4.1}{\376\377\000M\000o\000d\000u\001\102\000\040\000X\000A\000I\000\040\000o\000p\000a\000r\000t\000y\000\040\000n\000a\000\040\000S\000H\000A\000P\000\040\000j\000a\000k\000o\000\040\000u\000z\000a\000s\000a\000d\000n\000i\000e\000n\000i\000e\000\040\000d\000e\000c\000y\000z\000j\000i}{section.1.4}% 14
\BOOKMARK [2][-]{subsection.1.4.2}{\376\377\000Z\000n\000a\000c\000z\000e\000n\000i\000e\000\040\000o\000s\000a\000d\000z\000e\001\104\000\040\000s\000e\000m\000a\000n\000t\000y\000c\000z\000n\000y\000c\000h\000\040\000i\000\040\000i\000c\000h\000\040\000w\000y\000j\000a\001\133\000n\000i\000a\000l\000n\000o\001\133\001\007}{section.1.4}% 15
\BOOKMARK [0][-]{chapter.2}{\376\377\000R\000o\000z\000d\000z\000i\000a\001\102\000\040\0002\000.\000\040\000M\000e\000t\000o\000d\000y\000k\000a\000\040\000b\000a\000d\000a\001\104}{}% 16
\BOOKMARK [1][-]{section.2.1}{\376\377\000Z\000b\000i\000\363\000r\000\040\000,\000,\000G\000o\000E\000m\000o\000t\000i\000o\000n\000s\000'\000'}{chapter.2}% 17
\BOOKMARK [2][-]{subsection.2.1.1}{\376\377\000G\000e\000n\000e\000z\000a\000\040\000i\000\040\000c\000e\000l\000\040\000s\000t\000w\000o\000r\000z\000e\000n\000i\000a\000\040\000z\000b\000i\000o\000r\000u}{section.2.1}% 18
\BOOKMARK [2][-]{subsection.2.1.2}{\376\377\000Z\000a\000w\000a\000r\000t\000o\001\133\001\007\000\040\000i\000\040\000z\000a\000k\000r\000e\000s\000\040\000e\000m\000o\000c\000j\000i}{section.2.1}% 19
\BOOKMARK [2][-]{subsection.2.1.3}{\376\377\000P\000r\000o\000c\000e\000s\000\040\000a\000n\000o\000t\000a\000c\000j\000i}{section.2.1}% 20
\BOOKMARK [2][-]{subsection.2.1.4}{\376\377\000S\000t\000r\000u\000k\000t\000u\000r\000a\000\040\000z\000b\000i\000o\000r\000u\000\040\000i\000\040\000p\000o\000d\000z\000i\000a\001\102\000\040\000n\000a\000\040\000p\000o\000d\000z\000b\000i\000o\000r\000y}{section.2.1}% 21
\BOOKMARK [2][-]{subsection.2.1.5}{\376\377\000P\000o\000t\000e\000n\000c\000j\000a\000l\000n\000e\000\040\000o\000g\000r\000a\000n\000i\000c\000z\000e\000n\000i\000a\000\040\000z\000b\000i\000o\000r\000u}{section.2.1}% 22
\BOOKMARK [2][-]{subsection.2.1.6}{\376\377\000Z\000n\000a\000c\000z\000e\000n\000i\000e\000\040\000w\000\040\000b\000a\000d\000a\000n\000i\000a\000c\000h}{section.2.1}% 23
\BOOKMARK [1][-]{section.2.2}{\376\377\000M\000o\000d\000e\000l\000\040\000o\000p\000a\000r\000t\000y\000\040\000n\000a\000\040\000a\000r\000c\000h\000i\000t\000e\000k\000t\000u\000r\000z\000e\000\040\000B\000E\000R\000T}{chapter.2}% 24
\BOOKMARK [2][-]{subsection.2.2.1}{\376\377\000C\000h\000a\000r\000a\000k\000t\000e\000r\000y\000s\000t\000y\000k\000a\000\040\000a\000r\000c\000h\000i\000t\000e\000k\000t\000u\000r\000y\000\040\000B\000E\000R\000T}{section.2.2}% 25
\BOOKMARK [2][-]{subsection.2.2.2}{\376\377\000I\000n\000i\000c\000j\000a\000l\000i\000z\000a\000c\000j\000a\000\040\000i\000\040\000t\000r\000e\000n\000i\000n\000g\000\040\000m\000o\000d\000e\000l\000u}{section.2.2}% 26
\BOOKMARK [1][-]{section.2.3}{\376\377\000I\000n\000i\000c\000j\000a\000l\000i\000z\000a\000c\000j\000a\000\040\000i\000\040\000o\000p\000i\000s\000\040\000t\000e\000c\000h\000n\000i\000k\000\040\000w\000y\000j\000a\001\133\000n\000i\000a\000l\000n\000o\001\133\000c\000i}{chapter.2}% 27
\BOOKMARK [2][-]{subsection.2.3.1}{\376\377\000S\000H\000A\000P\000\040\040\023\000\040\000S\000H\000a\000p\000l\000e\000y\000\040\000A\000d\000d\000i\000t\000i\000v\000e\000\040\000e\000x\000P\000l\000a\000n\000a\000t\000i\000o\000n\000s}{section.2.3}% 28
\BOOKMARK [2][-]{subsection.2.3.2}{\376\377\000L\000I\000M\000E\000\040\040\023\000\040\000L\000o\000c\000a\000l\000\040\000I\000n\000t\000e\000r\000p\000r\000e\000t\000a\000b\000l\000e\000\040\000M\000o\000d\000e\000l\000-\000A\000g\000n\000o\000s\000t\000i\000c\000\040\000E\000x\000p\000l\000a\000n\000a\000t\000i\000o\000n\000s}{section.2.3}% 29
\BOOKMARK [0][-]{chapter.3}{\376\377\000R\000o\000z\000d\000z\000i\000a\001\102\000\040\0003\000.\000\040\000W\000y\000n\000i\000k\000i\000\040\000o\000r\000a\000z\000\040\000b\000a\000d\000a\000n\000i\000a}{}% 30
\BOOKMARK [1][-]{section.3.1}{\376\377\000P\000r\000z\000y\000g\000o\000t\000o\000w\000a\000n\000i\000e\000\040\000d\000a\000n\000y\000c\000h\000\040\000d\000o\000\040\000m\000o\000d\000e\000l\000u}{chapter.3}% 31
\BOOKMARK [2][-]{subsection.3.1.1}{\376\377\000R\000e\000d\000u\000k\000c\000j\000a\000\040\000l\000i\000c\000z\000b\000y\000\040\000k\000l\000a\000s}{section.3.1}% 32
\BOOKMARK [2][-]{subsection.3.1.2}{\376\377\000N\000a\000d\000p\000r\000\363\000b\000k\000o\000w\000a\000n\000i\000e\000\040\000\050\000o\000v\000e\000r\000s\000a\000m\000p\000l\000i\000n\000g\000\051}{section.3.1}% 33
\BOOKMARK [2][-]{subsection.3.1.3}{\376\377\000K\000o\000d\000o\000w\000a\000n\000i\000e\000\040\000e\000t\000y\000k\000i\000e\000t\000\040\000e\000m\000o\000c\000j\000i}{section.3.1}% 34
\BOOKMARK [2][-]{subsection.3.1.4}{\376\377\000T\000o\000k\000e\000n\000i\000z\000a\000c\000j\000a\000\040\000d\000a\000n\000y\000c\000h}{section.3.1}% 35
\BOOKMARK [2][-]{subsection.3.1.5}{\376\377\000T\000w\000o\000r\000z\000e\000n\000i\000e\000\040\000k\000l\000a\000s\000y\000\040\000d\000a\000t\000a\000s\000e\000t\000u}{section.3.1}% 36
\BOOKMARK [2][-]{subsection.3.1.6}{\376\377\000P\000o\000d\000z\000i\000a\001\102\000\040\000n\000a\000\040\000z\000b\000i\000\363\000r\000\040\000t\000r\000e\000n\000i\000n\000g\000o\000w\000y\000\040\000i\000\040\000t\000e\000s\000t\000o\000w\000y}{section.3.1}% 37
\BOOKMARK [1][-]{section.3.2}{\376\377\000W\000y\000n\000i\000k\000i\000\040\000i\000\040\000a\000n\000a\000l\000i\000z\000a\000\040\000j\000a\000k\000o\001\133\000c\000i\000\040\000k\000l\000a\000s\000y\000f\000i\000k\000a\000c\000j\000i}{chapter.3}% 38
\BOOKMARK [2][-]{subsection.3.2.1}{\376\377\000W\000y\000n\000i\000k\000i\000\040\000k\000l\000a\000s\000y\000f\000i\000k\000a\000c\000j\000i}{section.3.2}% 39
\BOOKMARK [2][-]{subsection.3.2.2}{\376\377\000A\000n\000a\000l\000i\000z\000a\000\040\000j\000a\000k\000o\001\133\000c\000i\000\040\000k\000l\000a\000s\000y\000f\000i\000k\000a\000c\000j\000i}{section.3.2}% 40
\BOOKMARK [1][-]{section.3.3}{\376\377\000A\000n\000a\000l\000i\000z\000a\000\040\000w\000y\000n\000i\000k\000\363\000w\000\040\000t\000e\000c\000h\000n\000i\000k\000\040\000w\000y\000j\000a\001\133\000n\000i\000a\000l\000n\000o\001\133\000c\000i}{chapter.3}% 41
\BOOKMARK [2][-]{subsection.3.3.1}{\376\377\000A\000n\000a\000l\000i\000z\000a\000\040\000w\000y\000j\000a\001\133\000n\000i\000e\001\104\000\040\000S\000H\000A\000P}{section.3.3}% 42
\BOOKMARK [2][-]{subsection.3.3.2}{\376\377\000A\000n\000a\000l\000i\000z\000a\000\040\000w\000y\000j\000a\001\133\000n\000i\000e\001\104\000\040\000L\000I\000M\000E}{section.3.3}% 43
\BOOKMARK [1][-]{section.3.4}{\376\377\000P\000o\000r\000\363\000w\000n\000a\000n\000i\000e\000\040\000i\000\040\000o\000c\000e\000n\000a\000\040\000j\000a\000k\000o\001\133\000c\000i\000\040\000w\000y\000j\000a\001\133\000n\000i\000e\001\104}{chapter.3}% 44
\BOOKMARK [2][-]{subsection.3.4.1}{\376\377\000P\000o\000r\000\363\000w\000n\000a\000n\000i\000e\000\040\000A\000U\000C\000d\000e\000l\000\040\000i\000\040\000A\000U\000C\000i\000n\000s}{section.3.4}% 45
\BOOKMARK [2][-]{subsection.3.4.2}{\376\377\000P\000o\000r\000\363\000w\000n\000a\000n\000i\000e\000\040\000s\000k\000u\000t\000e\000c\000z\000n\000o\001\133\000c\000i\000\040\000m\000e\000t\000o\000d\000\040\000X\000A\000I\000\040\000w\000z\000g\000l\001\031\000d\000e\000m\000\040\000b\000a\000s\000e\000l\000i\000n\000e\040\031\000\363\000w}{section.3.4}% 46
\BOOKMARK [2][-]{subsection.3.4.3}{\376\377\000A\000n\000a\000l\000i\000z\000a\000\040\000s\000t\000a\000t\000y\000s\000t\000y\000c\000z\000n\000a\000\040\000w\000y\000n\000i\000k\000\363\000w\000\040\000p\000o\000r\000\363\000w\000n\000a\000n\000i\000a\000\040\000m\000e\000t\000o\000d}{section.3.4}% 47
\BOOKMARK [2][-]{subsection.3.4.4}{\376\377\000W\000z\000o\000r\000c\000e\000\040\000j\001\031\000z\000y\000k\000o\000w\000e\000\040\000w\000p\001\102\000y\000w\000a\000j\001\005\000c\000e\000\040\000n\000a\000\040\000d\000e\000c\000y\000z\000j\000e\000\040\000m\000o\000d\000e\000l\000u}{section.3.4}% 48
\BOOKMARK [0][-]{chapter.4}{\376\377\000R\000o\000z\000d\000z\000i\000a\001\102\000\040\0004\000.\000\040\000D\000y\000s\000k\000u\000s\000j\000a\000\040\000w\000y\000n\000i\000k\000\363\000w}{}% 49
\BOOKMARK [1][-]{section.4.1}{\376\377\000M\000o\000c\000n\000e\000\040\000i\000\040\000s\001\102\000a\000b\000e\000\040\000s\000t\000r\000o\000n\000y\000\040\000w\000y\000k\000o\000r\000z\000y\000s\000t\000a\000n\000y\000c\000h\000\040\000m\000e\000t\000o\000d\000\040\000w\000y\000j\000a\001\133\000n\000i\000a\000l\000n\000o\001\133\000c\000i}{chapter.4}% 50
\BOOKMARK [1][-]{section.4.2}{\376\377\000W\000p\001\102\000y\000w\000\040\000t\000e\000c\000h\000n\000i\000k\000\040\000w\000y\000j\000a\001\133\000n\000i\000a\000l\000n\000o\001\133\000c\000i\000\040\000n\000a\000\040\000i\000n\000t\000e\000r\000p\000r\000e\000t\000a\000c\000j\001\031\000\040\000w\000y\000n\000i\000k\000\363\000w}{chapter.4}% 51
\BOOKMARK [1][-]{section.4.3}{\376\377\000O\000g\000r\000a\000n\000i\000c\000z\000e\000n\000i\000a\000\040\000i\000\040\000w\000y\000z\000w\000a\000n\000i\000a\000\040\000w\000\040\000z\000a\000s\000t\000o\000s\000o\000w\000a\000n\000i\000u\000\040\000m\000e\000t\000o\000d\000\040\000w\000y\000j\000a\001\133\000n\000i\000a\000l\000n\000o\001\133\000c\000i}{chapter.4}% 52
\BOOKMARK [0][-]{chapter.5}{\376\377\000R\000o\000z\000d\000z\000i\000a\001\102\000\040\0005\000.\000\040\000P\000o\000d\000s\000u\000m\000o\000w\000a\000n\000i\000e\000\040\000i\000\040\000w\000n\000i\000o\000s\000k\000i\000\040\000k\000o\001\104\000c\000o\000w\000e}{}% 53
\BOOKMARK [1][-]{section.5.1}{\376\377\000S\000k\000u\000t\000e\000c\000z\000n\000o\001\133\001\007\000\040\000k\000l\000a\000s\000y\000f\000i\000k\000a\000c\000j\000i\000\040\000i\000\040\000i\000n\000t\000e\000r\000p\000r\000e\000t\000a\000c\000j\000a\000\040\000w\000y\000n\000i\000k\000\363\000w}{chapter.5}% 54
\BOOKMARK [1][-]{section.5.2}{\376\377\000O\000c\000e\000n\000a\000\040\000m\000e\000t\000o\000d\000\040\000w\000y\000j\000a\001\133\000n\000i\000a\000n\000i\000a\000\040\000i\000\040\000o\000g\000r\000a\000n\000i\000c\000z\000e\000n\000i\000a\000\040\000b\000a\000d\000a\001\104}{chapter.5}% 55
\BOOKMARK [0][-]{section*.95}{\376\377\000S\000p\000i\000s\000\040\000r\000y\000s\000u\000n\000k\000\363\000w}{}% 56
\BOOKMARK [0][-]{section*.95}{\376\377\000S\000p\000i\000s\000\040\000t\000a\000b\000e\000l}{}% 57
\BOOKMARK [0][-]{chapter*.96}{\376\377\000B\000i\000b\000l\000i\000o\000g\000r\000a\000f\000i\000a}{}% 58
\BOOKMARK [0][-]{chapter*.97}{\376\377\000S\000t\000r\000e\000s\000z\000c\000z\000e\000n\000i\000e}{}% 59
\BOOKMARK [0][-]{chapter*.98}{\376\377\000A\000b\000s\000t\000r\000a\000c\000t}{}% 60
